node.exe : npm warn 
Unknown project 
config "auto-install-
peers". This will 
stop working in the 
next major version 
of npm.
En línea: 1 
Carácter: 1
+ & "C:\Program Files
\nodejs/node.exe" 
"C:\Program 
Files\nodejs/node_mo 
...
+ ~~~~~~~~~~~~~~~~~~~
~~~~~~~~~~~~~~~~~~~~~
~~~~~~~~~~~~~~~~~~~~~
~~~~~~~~
    + CategoryInfo   
           : NotSpe  
  cified: (npm war   
 n Unknow...versi    
on of npm.:Strin    
g) [], RemoteExc    
eption
    + FullyQualified 
   ErrorId : Native  
  CommandError
 

> resistencias-app@2.2.0 build
> next build

   Ôû▓ Next.js 15.5.5
   - Environments: .env.local, .env

   Creating an optimized production build ...
 Ô£ô (pwa) Compiling for server...
 Ô£ô (pwa) Compiling for server...
 Ô£ô (pwa) Compiling for client (static)...
 Ôùï (pwa) Service worker: C:\Users\ROGER\.gemini\antigravity\scratch\Analisis_Descongelado\public\sw.js
 Ôùï (pwa)   URL: /sw.js
 Ôùï (pwa)   Scope: /
 Ôùï (pwa) This app will fallback to these precached routes when fetching from the cache and the network fails:
 Ôùï (pwa)   Documents (pages): /_offline
 Ô£ô Compiled successfully in 6.7s
   Linting and checking validity of types ...

Failed to compile.

./app/dashboard/tests
/new/PageContent.tsx
9:39  Warning: 
'CardDescription' is 
defined but never 
used.  @typescript-es
lint/no-unused-vars
10:10  Warning: 
'Button' is defined 
but never used.  @typ
escript-eslint/no-unu
sed-vars
33:28  Warning: 
'ViewMode' is 
defined but never 
used.  @typescript-es
lint/no-unused-vars
85:33  Warning: 'setC
odeValidationError' 
is assigned a value 
but never used.  @typ
escript-eslint/no-unu
sed-vars
141:9  Warning: 
'photoStatus' is 
assigned a value but 
never used.  @typescr
ipt-eslint/no-unused-
vars
142:9  Warning: 
'getPhotoStatus' is 
assigned a value but 
never used.  @typescr
ipt-eslint/no-unused-
vars
231:46  Error: 
Unexpected any. 
Specify a different 
type.  @typescript-es
lint/no-explicit-any
406:8  Warning: 
React Hook useEffect 
has a missing 
dependency: 'markAsRe
moteUpdate'. Either 
include it or remove 
the dependency 
array.  react-hooks/e
xhaustive-deps

./app/page.tsx
4:8  Warning: 
'Image' is defined 
but never used.  @typ
escript-eslint/no-unu
sed-vars
9:8  Warning: 
'DriveDiagnostic' is 
defined but never 
used.  @typescript-es
lint/no-unused-vars
125:19  Warning: 
Using `<img>` could 
result in slower LCP 
and higher 
bandwidth. Consider 
using `<Image />` 
from `next/image` or 
a custom image 
loader to 
automatically 
optimize images. 
This may incur 
additional usage or 
cost from your 
provider. See: https:
//nextjs.org/docs/mes
sages/no-img-element 
 @next/next/no-img-el
ement
215:43  Warning: 
'login' is assigned 
a value but never 
used.  @typescript-es
lint/no-unused-vars
231:56  Error: 
Unexpected any. 
Specify a different 
type.  @typescript-es
lint/no-explicit-any
295:6  Warning: 
React Hook useEffect 
has a missing 
dependency: 'initialA
nalyses.length'. 
Either include it or 
remove the 
dependency array.  re
act-hooks/exhaustive-
deps

./components/Analysis
Dashboard.tsx
5:71  Warning: 
'Calendar' is 
defined but never 
used.  @typescript-es
lint/no-unused-vars
16:20  Error: 
Unexpected any. 
Specify a different 
type.  @typescript-es
lint/no-explicit-any
28:42  Error: 
Unexpected any. 
Specify a different 
type.  @typescript-es
lint/no-explicit-any
31:9  Warning: 
'observerTarget' is 
assigned a value but 
never used.  @typescr
ipt-eslint/no-unused-
vars
62:28  Error: 
Unexpected any. 
Specify a different 
type.  @typescript-es
lint/no-explicit-any

./components/Analysis
Tabs.tsx
5:16  Warning: 
'CheckCircle2' is 
defined but never 
used.  @typescript-es
lint/no-unused-vars

./components/AutoSave
IndicatorNew.tsx
4:10  Warning: 
'useEffect' is 
defined but never 
used.  @typescript-es
lint/no-unused-vars
4:21  Warning: 
'useState' is 
defined but never 
used.  @typescript-es
lint/no-unused-vars

./components/ControlP
esosBrutos.tsx
131:65  Error: `"` 
can be escaped with 
`&quot;`, `&ldquo;`, 
`&#34;`, `&rdquo;`.  
react/no-unescaped-en
tities
131:78  Error: `"` 
can be escaped with 
`&quot;`, `&ldquo;`, 
`&#34;`, `&rdquo;`.  
react/no-unescaped-en
tities

./components/DailyRep
ortCard.tsx
4:23  Warning: 
'Calendar' is 
defined but never 
used.  @typescript-es
lint/no-unused-vars
4:33  Warning: 
'Search' is defined 
but never used.  @typ
escript-eslint/no-unu
sed-vars
4:41  Warning: 
'Sparkles' is 
defined but never 
used.  @typescript-es
lint/no-unused-vars
6:10  Warning: 
'getAnalysesByDate' 
is defined but never 
used.  @typescript-es
lint/no-unused-vars

./components/DailyRep
ortModalNew.tsx
6:59  Warning: 
'DEFECTO_LABELS' is 
defined but never 
used.  @typescript-es
lint/no-unused-vars
49:21  Error: 
Unexpected any. 
Specify a different 
type.  @typescript-es
lint/no-explicit-any
143:45  Error: 
Unexpected any. 
Specify a different 
type.  @typescript-es
lint/no-explicit-any
144:106  Error: 
Unexpected any. 
Specify a different 
type.  @typescript-es
lint/no-explicit-any
149:54  Error: 
Unexpected any. 
Specify a different 
type.  @typescript-es
lint/no-explicit-any
149:64  Error: 
Unexpected any. 
Specify a different 
type.  @typescript-es
lint/no-explicit-any
270:21  Error: 
Unexpected any. 
Specify a different 
type.  @typescript-es
lint/no-explicit-any

./components/DefectSe
lector.tsx
154:56  Error: 
Unexpected any. 
Specify a different 
type.  @typescript-es
lint/no-explicit-any

./components/DeleteCo
nfirmationModal.tsx
24:5  Warning: 
'type' is assigned a 
value but never 
used.  @typescript-es
lint/no-unused-vars

./components/DriveDia
gnostic.tsx
8:12  Warning: 
'config' is assigned 
a value but never 
used.  @typescript-es
lint/no-unused-vars
8:42  Error: 
Unexpected any. 
Specify a different 
type.  @typescript-es
lint/no-explicit-any
39:17  Error: Use 
"@ts-expect-error" 
instead of 
"@ts-ignore", as 
"@ts-ignore" will do 
nothing if the 
following line is 
error-free.  @typescr
ipt-eslint/ban-ts-com
ment
45:21  Error: Use 
"@ts-expect-error" 
instead of 
"@ts-ignore", as 
"@ts-ignore" will do 
nothing if the 
following line is 
error-free.  @typescr
ipt-eslint/ban-ts-com
ment
56:29  Error: 
Unexpected any. 
Specify a different 
type.  @typescript-es
lint/no-explicit-any

./components/FailedUp
loadsBanner.tsx
5:10  Warning: 
'toast' is defined 
but never used.  @typ
escript-eslint/no-unu
sed-vars

./components/GoogleLo
ginButton.tsx
5:10  Warning: 
'LogIn' is defined 
but never used.  @typ
escript-eslint/no-unu
sed-vars
26:21  Error: 
Unexpected any. 
Specify a different 
type.  @typescript-es
lint/no-explicit-any

./components/InitialF
orm.tsx
76:61  Error: 
Unexpected any. 
Specify a different 
type.  @typescript-es
lint/no-explicit-any
113:13  Error: 
'trimmed' is never 
reassigned. Use 
'const' instead.  
prefer-const
118:13  Error: 
'yearPart' is never 
reassigned. Use 
'const' instead.  
prefer-const

./components/PendingU
ploadsPanel.tsx
3:21  Warning: 
'ChevronDown' is 
defined but never 
used.  @typescript-es
lint/no-unused-vars
21:12  Warning: 
'isExpanded' is 
assigned a value but 
never used.  @typescr
ipt-eslint/no-unused-
vars
180:8  Warning: 
React Hook useEffect 
has a missing 
dependency: 
'handleRetryAll'. 
Either include it or 
remove the 
dependency array.  re
act-hooks/exhaustive-
deps

./components/PhotoCap
ture.tsx
24:10  Warning: 
'isRetrying' is 
assigned a value but 
never used.  @typescr
ipt-eslint/no-unused-
vars
73:6  Warning: React 
Hook useEffect has a 
missing dependency: 
'localPreviewUrl'. 
Either include it or 
remove the 
dependency array.  re
act-hooks/exhaustive-
deps
99:6  Warning: React 
Hook useEffect has 
missing 
dependencies: 
'label' and 
'localPreviewUrl'. 
Either include them 
or remove the 
dependency array.  re
act-hooks/exhaustive-
deps
118:36  Error: 
Unexpected any. 
Specify a different 
type.  @typescript-es
lint/no-explicit-any
215:13  Warning: 
Using `<img>` could 
result in slower LCP 
and higher 
bandwidth. Consider 
using `<Image />` 
from `next/image` or 
a custom image 
loader to 
automatically 
optimize images. 
This may incur 
additional usage or 
cost from your 
provider. See: https:
//nextjs.org/docs/mes
sages/no-img-element 
 @next/next/no-img-el
ement
302:49  Error: 
Unexpected any. 
Specify a different 
type.  @typescript-es
lint/no-explicit-any
540:15  Warning: 
Using `<img>` could 
result in slower LCP 
and higher 
bandwidth. Consider 
using `<Image />` 
from `next/image` or 
a custom image 
loader to 
automatically 
optimize images. 
This may incur 
additional usage or 
cost from your 
provider. See: https:
//nextjs.org/docs/mes
sages/no-img-element 
 @next/next/no-img-el
ement

./components/PhotoThu
mbnail.tsx
4:10  Warning: 'Eye' 
is defined but never 
used.  @typescript-es
lint/no-unused-vars
20:24  Warning: 
'setIsFlashing' is 
assigned a value but 
never used.  @typescr
ipt-eslint/no-unused-
vars
47:21  Warning: 
Using `<img>` could 
result in slower LCP 
and higher 
bandwidth. Consider 
using `<Image />` 
from `next/image` or 
a custom image 
loader to 
automatically 
optimize images. 
This may incur 
additional usage or 
cost from your 
provider. See: https:
//nextjs.org/docs/mes
sages/no-img-element 
 @next/next/no-img-el
ement
97:25  Warning: 
Using `<img>` could 
result in slower LCP 
and higher 
bandwidth. Consider 
using `<Image />` 
from `next/image` or 
a custom image 
loader to 
automatically 
optimize images. 
This may incur 
additional usage or 
cost from your 
provider. See: https:
//nextjs.org/docs/mes
sages/no-img-element 
 @next/next/no-img-el
ement

./components/SmartInp
utGroup.tsx
4:35  Warning: 
'CheckCircle2' is 
defined but never 
used.  @typescript-es
lint/no-unused-vars
111:33  Warning: 
Using `<img>` could 
result in slower LCP 
and higher 
bandwidth. Consider 
using `<Image />` 
from `next/image` or 
a custom image 
loader to 
automatically 
optimize images. 
This may incur 
additional usage or 
cost from your 
provider. See: https:
//nextjs.org/docs/mes
sages/no-img-element 
 @next/next/no-img-el
ement
150:29  Warning: 
Using `<img>` could 
result in slower LCP 
and higher 
bandwidth. Consider 
using `<Image />` 
from `next/image` or 
a custom image 
loader to 
automatically 
optimize images. 
This may incur 
additional usage or 
cost from your 
provider. See: https:
//nextjs.org/docs/mes
sages/no-img-element 
 @next/next/no-img-el
ement

./components/StickyHe
ader.tsx
5:10  Warning: 
'adjustColor' is 
defined but never 
used.  @typescript-es
lint/no-unused-vars
20:5  Warning: 
'lote' is defined 
but never used.  @typ
escript-eslint/no-unu
sed-vars
21:5  Warning: 
'codigo' is defined 
but never used.  @typ
escript-eslint/no-unu
sed-vars
22:5  Warning: 
'talla' is defined 
but never used.  @typ
escript-eslint/no-unu
sed-vars

./components/SyncStat
us.tsx
4:10  Warning: 'forma
tDistanceToNow' is 
defined but never 
used.  @typescript-es
lint/no-unused-vars
5:10  Warning: 'es' 
is defined but never 
used.  @typescript-es
lint/no-unused-vars

./components/ui/card.
tsx
3:18  Error: An 
interface declaring 
no members is 
equivalent to its 
supertype.  @typescri
pt-eslint/no-empty-ob
ject-type

./components/WeightIn
putRow.tsx
63:29  Warning: 
Using `<img>` could 
result in slower LCP 
and higher 
bandwidth. Consider 
using `<Image />` 
from `next/image` or 
a custom image 
loader to 
automatically 
optimize images. 
This may incur 
additional usage or 
cost from your 
provider. See: https:
//nextjs.org/docs/mes
sages/no-img-element 
 @next/next/no-img-el
ement

./lib/analysisService
.ts
6:3  Warning: 
'setDoc' is defined 
but never used.  @typ
escript-eslint/no-unu
sed-vars
111:15  Warning: 
'analysisTimestamp' 
is assigned a value 
but never used.  @typ
escript-eslint/no-unu
sed-vars
645:11  Warning: 
'needsArrayUpdate' 
is assigned a value 
but never used.  @typ
escript-eslint/no-unu
sed-vars
652:39  Error: 
Unexpected any. 
Specify a different 
type.  @typescript-es
lint/no-explicit-any
652:65  Error: 
Unexpected any. 
Specify a different 
type.  @typescript-es
lint/no-explicit-any
682:42  Error: 
Unexpected any. 
Specify a different 
type.  @typescript-es
lint/no-explicit-any
682:48  Error: 
Unexpected any. 
Specify a different 
type.  @typescript-es
lint/no-explicit-any
687:25  Error: 
Unexpected any. 
Specify a different 
type.  @typescript-es
lint/no-explicit-any
745:39  Error: 
Unexpected any. 
Specify a different 
type.  @typescript-es
lint/no-explicit-any
762:42  Error: 
Unexpected any. 
Specify a different 
type.  @typescript-es
lint/no-explicit-any
762:48  Error: 
Unexpected any. 
Specify a different 
type.  @typescript-es
lint/no-explicit-any
767:25  Error: 
Unexpected any. 
Specify a different 
type.  @typescript-es
lint/no-explicit-any
816:42  Error: 
Unexpected any. 
Specify a different 
type.  @typescript-es
lint/no-explicit-any
816:48  Error: 
Unexpected any. 
Specify a different 
type.  @typescript-es
lint/no-explicit-any
821:25  Error: 
Unexpected any. 
Specify a different 
type.  @typescript-es
lint/no-explicit-any
915:52  Error: 
Unexpected any. 
Specify a different 
type.  @typescript-es
lint/no-explicit-any
962:1  Warning: 
Assign object to a 
variable before 
exporting as module 
default  import/no-an
onymous-default-expor
t

./lib/analysisUtils.t
s
69:76  Error: 
Unexpected any. 
Specify a different 
type.  @typescript-es
lint/no-explicit-any

./lib/backgroundSyncS
ervice.ts
39:36  Error: 
Unexpected any. 
Specify a different 
type.  @typescript-es
lint/no-explicit-any
63:49  Error: 
Unexpected any. 
Specify a different 
type.  @typescript-es
lint/no-explicit-any

./lib/firebase.ts
67:10  Error: 
Unexpected any. 
Specify a different 
type.  @typescript-es
lint/no-explicit-any
68:9  Error: 
Unexpected any. 
Specify a different 
type.  @typescript-es
lint/no-explicit-any
82:52  Error: 
Unexpected any. 
Specify a different 
type.  @typescript-es
lint/no-explicit-any

./lib/googleAuthServi
ce.ts
55:35  Error: 
Unexpected any. 
Specify a different 
type.  @typescript-es
lint/no-explicit-any

./lib/googleDriveServ
ice.ts
594:20  Warning: 'e' 
is defined but never 
used.  @typescript-es
lint/no-unused-vars
688:5  Warning: 
'viewerEmail' is 
defined but never 
used.  @typescript-es
lint/no-unused-vars

./lib/logger.ts
11:47  Warning: 
'args' is defined 
but never used.  @typ
escript-eslint/no-unu
sed-vars

./lib/reportService.t
s
2:167  Warning: 
'Analysis' is 
defined but never 
used.  @typescript-es
lint/no-unused-vars
130:35  Error: 
Unexpected any. 
Specify a different 
type.  @typescript-es
lint/no-explicit-any
151:95  Error: 
Unexpected any. 
Specify a different 
type.  @typescript-es
lint/no-explicit-any
152:58  Error: 
Unexpected any. 
Specify a different 
type.  @typescript-es
lint/no-explicit-any
213:24  Error: 
Unexpected any. 
Specify a different 
type.  @typescript-es
lint/no-explicit-any

./lib/retryUploadServ
ice.ts
79:75  Error: 
Unexpected any. 
Specify a different 
type.  @typescript-es
lint/no-explicit-any

./lib/useAutoSaveAnal
ysis.ts
65:23  Error: 
Unexpected any. 
Specify a different 
type.  @typescript-es
lint/no-explicit-any

info  - Need to 
disable some ESLint 
rules? Learn more 
here: https://nextjs.
org/docs/app/api-refe
rence/config/eslint#d
isabling-rules
