lib/retryUploadService.ts(75,27): error TS2554: Expected 5 arguments, but got 4.
lib/retryUploadService.ts(87,23): error TS2554: Expected 5 arguments, but got 4.
